add 71
add 40
add 99
add 80
add 21
add 54
add 98
add 73
add 86
add 18
71 40 80 73 86 21 18 99 54 98 
73 80 86 40 18 21 71 54 99 98 
73 86 80 18 21 40 54 98 99 71 
