add 1
add 2
add 3
add 4
add 5
1 2 4 5 3 
4 2 5 1 3 
4 5 2 3 1 
