add 75
add 21
add 4
add 32
add 8
add 15
add 55
add 100
add 55
add 57
add 58
add 90
add 64
add 2
add 25
add 89
add 12
add 49
add 22
add 84
add 70
add 20
add 76
add 75
add 10
add 55
add 89
add 28
add 99
add 1
add 88
add 1
add 100
add 77
add 11
add 30
add 20
add 100
add 10
add 62
add 86
add 38
add 12
add 23
add 41
add 6
add 5
add 100
add 42
add 87
75 21 32 100 89 1 100 12 77 11 55 49 30 20 22 100 10 8 57 84 62 86 70 38 12 58 20 23 41 76 6 5 4 15 90 75 100 42 10 87 64 55 89 55 2 28 99 25 1 88 
1 89 100 100 77 12 11 32 30 49 20 55 100 22 10 21 62 84 86 57 38 70 12 8 23 20 41 58 6 76 5 75 100 75 42 90 87 10 15 55 64 89 4 28 2 99 55 1 25 88 
1 100 89 77 11 12 100 30 20 49 100 10 22 55 32 62 86 84 38 12 70 57 23 41 20 6 5 76 58 8 21 100 42 75 87 10 90 55 89 64 15 28 99 2 1 88 25 55 4 75 
