add 59
add 39
add 49
add 1
add 4
add 77
add 47
add 39
add 7
add 43
add 10
add 97
add 11
add 15
add 99
add 26
add 67
add 57
add 72
add 84
add 19
add 36
add 45
add 31
add 80
add 44
add 26
add 4
add 28
add 69
add 32
add 70
add 52
add 32
add 62
add 45
add 43
add 11
add 15
add 34
add 26
add 24
add 101
add 63
add 101
add 3
add 72
add 73
add 35
add 12
add 80
add 18
add 6
add 33
add 74
add 37
add 22
add 22
add 45
add 31
add 11
add 8
add 31
add 7
add 67
add 84
add 47
add 3
add 67
add 94
add 25
add 38
add 25
add 48
add 17
add 21
add 21
add 34
add 57
add 93
add 28
add 13
add 54
add 4
add 83
add 51
add 59
add 98
add 27
add 49
add 70
add 18
add 8
add 39
add 56
add 76
add 99
add 79
add 37
add 75
59 39 1 39 26 70 7 67 52 84 47 67 32 3 67 62 94 25 7 57 45 38 25 43 48 17 72 11 21 21 15 34 57 4 43 84 34 93 28 26 13 54 19 24 4 83 101 51 59 10 36 63 98 27 101 49 70 45 3 18 8 72 39 56 49 77 97 31 73 76 99 35 79 37 80 12 75 80 11 44 18 6 26 33 74 47 15 4 37 22 28 22 45 99 69 31 11 32 8 31 
7 70 67 26 84 52 47 39 3 32 67 67 94 62 25 1 38 45 25 57 48 43 17 7 21 11 21 72 34 15 57 39 93 34 28 84 13 26 54 43 4 24 83 19 51 101 59 4 98 63 27 36 49 101 70 10 18 3 8 45 39 72 56 59 76 73 99 31 79 35 37 97 75 12 80 80 77 18 44 6 11 33 26 74 49 37 4 22 15 22 28 45 47 31 69 11 99 8 32 31 
7 67 70 84 47 52 26 3 67 32 94 25 62 67 39 38 25 45 48 17 43 57 21 21 11 34 57 15 72 7 1 93 28 34 13 54 26 84 4 83 24 51 59 101 19 43 98 27 63 49 70 101 36 18 8 3 39 56 72 45 10 4 39 76 99 73 79 37 35 31 75 12 80 80 97 18 6 44 33 74 26 11 77 37 22 4 22 45 28 15 31 11 69 8 31 32 99 47 49 59 
